[03:16:53] [Server thread/INFO]: Starting minecraft server version 1.12.2
[03:16:53] [Server thread/INFO]: Loading properties
[03:16:53] [Server thread/INFO]: Default game type: SURVIVAL
[03:16:53] [Server thread/INFO]: This server is running Paper version git-Paper-1620 (MC: 1.12.2) (Implementing API version 1.12.2-R0.1-SNAPSHOT)
[03:16:53] [Server thread/WARN]: Unable to read file ops.json, backing it up to {0}.backup and creating new copy.
com.google.gson.JsonParseException: java.io.EOFException: End of input at line 1 column 1 path $
	at net.minecraft.server.v1_12_R1.ChatDeserializer.a(SourceFile:506) ~[patched_1.12.2.jar:git-Paper-1620]
	at net.minecraft.server.v1_12_R1.ChatDeserializer.a(SourceFile:522) ~[patched_1.12.2.jar:git-Paper-1620]
	at net.minecraft.server.v1_12_R1.JsonList.load(JsonList.java:190) ~[patched_1.12.2.jar:git-Paper-1620]
	at net.minecraft.server.v1_12_R1.DedicatedPlayerList.B(SourceFile:107) ~[patched_1.12.2.jar:git-Paper-1620]
	at net.minecraft.server.v1_12_R1.DedicatedPlayerList.<init>(SourceFile:29) ~[patched_1.12.2.jar:git-Paper-1620]
	at net.minecraft.server.v1_12_R1.DedicatedServer.init(DedicatedServer.java:195) ~[patched_1.12.2.jar:git-Paper-1620]
	at net.minecraft.server.v1_12_R1.MinecraftServer.run(MinecraftServer.java:616) ~[patched_1.12.2.jar:git-Paper-1620]
	at java.lang.Thread.run(Thread.java:1474) [?:?]
Caused by: java.io.EOFException: End of input at line 1 column 1 path $
	at com.google.gson.stream.JsonReader.nextNonWhitespace(JsonReader.java:1393) ~[patched_1.12.2.jar:git-Paper-1620]
	at com.google.gson.stream.JsonReader.doPeek(JsonReader.java:549) ~[patched_1.12.2.jar:git-Paper-1620]
	at com.google.gson.stream.JsonReader.peek(JsonReader.java:425) ~[patched_1.12.2.jar:git-Paper-1620]
	at com.google.gson.internal.bind.CollectionTypeAdapterFactory$Adapter.read(CollectionTypeAdapterFactory.java:74) ~[patched_1.12.2.jar:git-Paper-1620]
	at com.google.gson.internal.bind.CollectionTypeAdapterFactory$Adapter.read(CollectionTypeAdapterFactory.java:61) ~[patched_1.12.2.jar:git-Paper-1620]
	at net.minecraft.server.v1_12_R1.ChatDeserializer.a(SourceFile:504) ~[patched_1.12.2.jar:git-Paper-1620]
	... 7 more
[03:16:53] [Server thread/INFO]: Debug logging is disabled
[03:16:53] [Server thread/INFO]: Server Ping Player Sample Count: 12
[03:16:53] [Server thread/INFO]: Using 4 threads for Netty based IO
[03:16:54] [Server thread/INFO]: Generating keypair
[03:16:54] [Server thread/INFO]: Starting Minecraft server on localhost:25565
[03:16:54] [Server thread/INFO]: Using default channel type
[03:16:55] [Server thread/INFO]: Set PluginClassLoader as parallel capable
[03:16:55] [Server thread/INFO]: [QualityArmory] Loading QualityArmory v2.1.2
[03:16:55] [Server thread/INFO]: [NightVision] Loading NightVision v2.0
[03:16:55] [Server thread/INFO]: [InfernalMobs] Loading InfernalMobs v5.3
[03:16:55] [Server thread/INFO]: [TreeCapitator] Loading TreeCapitator v1.0
[03:16:55] [Server thread/INFO]: [Minepacks] Loading Minepacks v2.5.7-T20260412221601
[03:16:55] [Server thread/INFO]: [Minepacks] PCGF-PluginLib not installed. Switching to standalone mode!
[03:16:55] [Server thread/INFO]: [MTVehicles] Loading MTVehicles v2.5.8
[03:16:55] [Server thread/INFO]: [Essentials] Loading Essentials v2.21.2
[03:16:55] [Server thread/INFO]: [VeinminerPlus] Loading VeinminerPlus v2.0-RELEASE
[03:16:55] [Server thread/INFO]: Server permissions file permissions.yml is empty, ignoring it
[03:16:55] [Server thread/WARN]: **** SERVER IS RUNNING IN OFFLINE/INSECURE MODE!
[03:16:55] [Server thread/WARN]: The server will make no attempt to authenticate usernames. Beware.
[03:16:55] [Server thread/WARN]: While this makes the game possible to play without internet access, it also opens up the ability for hackers to connect with any username they choose.
[03:16:55] [Server thread/WARN]: To change this, set "online-mode" to "true" in the server.properties file.
[03:16:55] [Server thread/INFO]: **** Beginning UUID conversion, this may take A LONG time ****
[03:16:55] [Server thread/INFO]: Preparing level "world"
[03:16:55] [Server thread/INFO]: -------- World Settings For [world] --------
[03:16:55] [Server thread/INFO]: Mob Spawn Range: 4
[03:16:55] [Server thread/INFO]: Cactus Growth Modifier: 100%
[03:16:55] [Server thread/INFO]: Cane Growth Modifier: 100%
[03:16:55] [Server thread/INFO]: Melon Growth Modifier: 100%
[03:16:55] [Server thread/INFO]: Mushroom Growth Modifier: 100%
[03:16:55] [Server thread/INFO]: Pumpkin Growth Modifier: 100%
[03:16:55] [Server thread/INFO]: Sapling Growth Modifier: 100%
[03:16:55] [Server thread/INFO]: Wheat Growth Modifier: 100%
[03:16:55] [Server thread/INFO]: NetherWart Growth Modifier: 100%
[03:16:55] [Server thread/INFO]: Vine Growth Modifier: 100%
[03:16:55] [Server thread/INFO]: Cocoa Growth Modifier: 100%
[03:16:55] [Server thread/INFO]: Entity Activation Range: An 32 / Mo 32 / Mi 16 / Tiv true
[03:16:55] [Server thread/INFO]: Entity Tracking Range: Pl 48 / An 48 / Mo 48 / Mi 32 / Other 64
[03:16:55] [Server thread/INFO]: Hopper Transfer: 8 Hopper Check: 1 Hopper Amount: 1
[03:16:55] [Server thread/INFO]: Random Lighting Updates: false
[03:16:55] [Server thread/INFO]: Structure Info Saving: true
[03:16:55] [Server thread/INFO]: Custom Map Seeds:  Village: 10387312 Feature: 14357617 Monument: 10387313 Slime: 987234911
[03:16:55] [Server thread/INFO]: Max TNT Explosions: 100
[03:16:55] [Server thread/INFO]: Tile Max Tick Time: 50ms Entity max Tick Time: 50ms
[03:16:55] [Server thread/INFO]: View Distance: 4
[03:16:55] [Server thread/INFO]: Item Despawn Rate: 6000
[03:16:55] [Server thread/INFO]: Item Merge Radius: 2.5
[03:16:55] [Server thread/INFO]: Arrow Despawn Rate: 1200
[03:16:55] [Server thread/INFO]: Allow Zombie Pigmen to spawn from portal blocks: true
[03:16:55] [Server thread/INFO]: Experience Merge Radius: 3.0
[03:16:55] [Server thread/INFO]: Zombie Aggressive Towards Villager: true
[03:16:55] [Server thread/INFO]: Nerfing mobs spawned from spawners: false
[03:16:56] [Server thread/INFO]: -------- World Settings For [world_nether] --------
[03:16:56] [Server thread/INFO]: Mob Spawn Range: 4
[03:16:56] [Server thread/INFO]: Cactus Growth Modifier: 100%
[03:16:56] [Server thread/INFO]: Cane Growth Modifier: 100%
[03:16:56] [Server thread/INFO]: Melon Growth Modifier: 100%
[03:16:56] [Server thread/INFO]: Mushroom Growth Modifier: 100%
[03:16:56] [Server thread/INFO]: Pumpkin Growth Modifier: 100%
[03:16:56] [Server thread/INFO]: Sapling Growth Modifier: 100%
[03:16:56] [Server thread/INFO]: Wheat Growth Modifier: 100%
[03:16:56] [Server thread/INFO]: NetherWart Growth Modifier: 100%
[03:16:56] [Server thread/INFO]: Vine Growth Modifier: 100%
[03:16:56] [Server thread/INFO]: Cocoa Growth Modifier: 100%
[03:16:56] [Server thread/INFO]: Entity Activation Range: An 32 / Mo 32 / Mi 16 / Tiv true
[03:16:56] [Server thread/INFO]: Entity Tracking Range: Pl 48 / An 48 / Mo 48 / Mi 32 / Other 64
[03:16:56] [Server thread/INFO]: Hopper Transfer: 8 Hopper Check: 1 Hopper Amount: 1
[03:16:56] [Server thread/INFO]: Random Lighting Updates: false
[03:16:56] [Server thread/INFO]: Structure Info Saving: true
[03:16:56] [Server thread/INFO]: Custom Map Seeds:  Village: 10387312 Feature: 14357617 Monument: 10387313 Slime: 987234911
[03:16:56] [Server thread/INFO]: Max TNT Explosions: 100
[03:16:56] [Server thread/INFO]: Tile Max Tick Time: 50ms Entity max Tick Time: 50ms
[03:16:56] [Server thread/INFO]: View Distance: 4
[03:16:56] [Server thread/INFO]: Item Despawn Rate: 6000
[03:16:56] [Server thread/INFO]: Item Merge Radius: 2.5
[03:16:56] [Server thread/INFO]: Arrow Despawn Rate: 1200
[03:16:56] [Server thread/INFO]: Allow Zombie Pigmen to spawn from portal blocks: true
[03:16:56] [Server thread/INFO]: Experience Merge Radius: 3.0
[03:16:56] [Server thread/INFO]: Zombie Aggressive Towards Villager: true
[03:16:56] [Server thread/INFO]: Nerfing mobs spawned from spawners: false
[03:16:56] [Server thread/INFO]: -------- World Settings For [world_the_end] --------
[03:16:56] [Server thread/INFO]: Mob Spawn Range: 4
[03:16:56] [Server thread/INFO]: Cactus Growth Modifier: 100%
[03:16:56] [Server thread/INFO]: Cane Growth Modifier: 100%
[03:16:56] [Server thread/INFO]: Melon Growth Modifier: 100%
[03:16:56] [Server thread/INFO]: Mushroom Growth Modifier: 100%
[03:16:56] [Server thread/INFO]: Pumpkin Growth Modifier: 100%
[03:16:56] [Server thread/INFO]: Sapling Growth Modifier: 100%
[03:16:56] [Server thread/INFO]: Wheat Growth Modifier: 100%
[03:16:56] [Server thread/INFO]: NetherWart Growth Modifier: 100%
[03:16:56] [Server thread/INFO]: Vine Growth Modifier: 100%
[03:16:56] [Server thread/INFO]: Cocoa Growth Modifier: 100%
[03:16:56] [Server thread/INFO]: Entity Activation Range: An 32 / Mo 32 / Mi 16 / Tiv true
[03:16:56] [Server thread/INFO]: Entity Tracking Range: Pl 48 / An 48 / Mo 48 / Mi 32 / Other 64
[03:16:56] [Server thread/INFO]: Hopper Transfer: 8 Hopper Check: 1 Hopper Amount: 1
[03:16:56] [Server thread/INFO]: Random Lighting Updates: false
[03:16:57] [Server thread/INFO]: Structure Info Saving: true
[03:16:57] [Server thread/INFO]: Custom Map Seeds:  Village: 10387312 Feature: 14357617 Monument: 10387313 Slime: 987234911
[03:16:57] [Server thread/INFO]: Max TNT Explosions: 100
[03:16:57] [Server thread/INFO]: Tile Max Tick Time: 50ms Entity max Tick Time: 50ms
[03:16:57] [Server thread/INFO]: View Distance: 4
[03:16:57] [Server thread/INFO]: Item Despawn Rate: 6000
[03:16:57] [Server thread/INFO]: Item Merge Radius: 2.5
[03:16:57] [Server thread/INFO]: Arrow Despawn Rate: 1200
[03:16:57] [Server thread/INFO]: Allow Zombie Pigmen to spawn from portal blocks: true
[03:16:57] [Server thread/INFO]: Experience Merge Radius: 3.0
[03:16:57] [Server thread/INFO]: Zombie Aggressive Towards Villager: true
[03:16:57] [Server thread/INFO]: Nerfing mobs spawned from spawners: false
[03:16:57] [Server thread/INFO]: Preparing start region for level 0 (Seed: 557655739345223)
[03:16:58] [Server thread/INFO]: Preparing spawn area: 2%
[03:16:59] [Server thread/INFO]: Preparing spawn area: 5%
[03:17:00] [Server thread/INFO]: Preparing spawn area: 9%
[03:17:00] [Server thread/INFO]: Preparing start region for level 1 (Seed: 557655739345223)
[03:17:01] [Server thread/INFO]: Preparing spawn area: 6%
[03:17:02] [Server thread/INFO]: Preparing start region for level 2 (Seed: 557655739345223)
[03:17:03] [Server thread/INFO]: [QualityArmory] Enabling QualityArmory v2.1.2
[03:17:03] [Server thread/INFO]: [NBTAPI] [NBTAPI] Found Minecraft: v1_12_R1! Trying to find NMS support
[03:17:03] [Server thread/INFO]: [NBTAPI] [NBTAPI] NMS support 'MC1_12_R1' loaded!
[03:17:03] [Server thread/INFO]: [NBTAPI] [NBTAPI] Using the plugin 'QualityArmory' to create a bStats instance!
[03:17:03] [Server thread/INFO]: [QualityArmory] -Loaded 11 Ammo types.
[03:17:03] [Server thread/INFO]: [QualityArmory] -Loaded 8 Misc.
[03:17:04] [Server thread/INFO]: [QualityArmory] -Loaded 64 Gun types.
[03:17:04] [Server thread/INFO]: [QualityArmory] -Loading Attachment: awpasiimov
[03:17:04] [Server thread/INFO]: [QualityArmory] -Loading Attachment: p30silenced
[03:17:04] [Server thread/INFO]: [QualityArmory] -Loaded 2 Attachment types.
[03:17:04] [Server thread/INFO]: [QualityArmory] -Loaded 4 Armor types.
[03:17:05] [Server thread/INFO]: [NightVision] Enabling NightVision v2.0
[03:17:05] [Server thread/INFO]: [InfernalMobs] Enabling InfernalMobs v5.3
[03:17:05] [Server thread/INFO]: [InfernalMobs] Registered Events.
[03:17:05] [Server thread/INFO]: [TreeCapitator] Enabling TreeCapitator v1.0
[03:17:05] [Server thread/INFO]: [Minepacks] Enabling Minepacks v2.5.7-T20260412221601
[03:17:05] [Server thread/INFO]: [Minepacks] Starting Minepacks in standalone mode!
[03:17:05] [Server thread/INFO]: [Minepacks] File "/config.yml" extracted successfully!
[03:17:05] [Server thread/INFO]: [Minepacks] [32mConfig file successfully loaded.[0m
[03:17:05] [Server thread/INFO]: [Minepacks] File "/lang/en.yml" extracted successfully!
[03:17:05] [Server thread/INFO]: [Minepacks] [32mLanguage file successfully loaded. Language: english  Author: GeorgH93[0m
[03:17:05] [Server thread/INFO]: [Minepacks] Minepacks-Connection-Pool - Starting...
[03:17:05] [Server thread/INFO]: [Minepacks] Minepacks-Connection-Pool - Start completed.
[03:17:05] [Server thread/INFO]: [Minepacks] File "/lang/legacy_items_en.yml" extracted successfully!
[03:17:05] [Server thread/INFO]: [Minepacks] [32mItem name language file successfully loaded. Language: english  Author: GeorgH93[0m
[03:17:05] [Server thread/INFO]: [Minepacks] Loading item translations ...
[03:17:05] [Server thread/INFO]: [Minepacks] Finished loading item translations for 692 items.
[03:17:05] [Server thread/INFO]: [Minepacks] [32m Minepacks has been enabled! [33m :) [0m
[03:17:05] [Server thread/INFO]: [MTVehicles] Enabling MTVehicles v2.5.8
[03:17:05] [Server thread/INFO]: [MTVehicles] Plugin has been loaded!
[03:17:05] [Server thread/INFO]: [MTVehicles] --------------------------
[03:17:05] [Server thread/INFO]: [MTVehicles] Welcome by MTVehicles v2.5.8!
[03:17:05] [Server thread/INFO]: [MTVehicles] Thanks for using our plugin.
[03:17:05] [Server thread/INFO]: [MTVehicles] --------------------------
[03:17:06] [Server thread/INFO]: [Essentials] Enabling Essentials v2.21.2
[03:17:06] [Server thread/INFO]: [Essentials] Attempting to convert old kits in config.yml to new kits.yml
[03:17:06] [Server thread/INFO]: [Essentials] No kits found to migrate.
[03:17:06] [Server thread/INFO]: [Essentials] Selected 1.12.2+ Player Locale Provider as the provider for PlayerLocaleProvider
[03:17:06] [Server thread/INFO]: [Essentials] Selected Reflection Formatted Command Alias Provider as the provider for FormattedCommandAliasProvider
[03:17:06] [Server thread/INFO]: [Essentials] Selected Reflection Online Mode Provider as the provider for OnlineModeProvider
[03:17:06] [Server thread/INFO]: [Essentials] Selected Reflection Persistent Data Container Provider as the provider for PersistentDataProvider
[03:17:06] [Server thread/INFO]: [Essentials] Selected Reflection Server State Provider as the provider for ServerStateProvider
[03:17:06] [Server thread/INFO]: [Essentials] No provider found for MaterialTagProvider, but it is nullable
[03:17:06] [Server thread/INFO]: [Essentials] Selected 1.8.3+ Spawner Item Provider as the provider for SpawnerItemProvider
[03:17:06] [Server thread/INFO]: [Essentials] Selected Legacy Damage Event Provider as the provider for DamageEventProvider
[03:17:06] [Server thread/INFO]: [Essentials] Selected Reflection Sync Commands Provider as the provider for SyncCommandsProvider
[03:17:06] [Server thread/INFO]: [Essentials] Selected Legacy Biome Name Provider as the provider for BiomeNameProvider
[03:17:06] [Server thread/INFO]: [Essentials] Selected Paper Known Commands Provider as the provider for KnownCommandsProvider
[03:17:06] [Server thread/INFO]: [Essentials] Selected Legacy Banner Meta Provider as the provider for BannerDataProvider
[03:17:06] [Server thread/INFO]: [Essentials] Selected Fixed Height World Info Provider as the provider for WorldInfoProvider
[03:17:06] [Server thread/INFO]: [Essentials] No provider found for TickCountProvider, but it is nullable
[03:17:06] [Server thread/INFO]: [Essentials] Selected 1.11+ Item Unbreakable Provider as the provider for ItemUnbreakableProvider
[03:17:06] [Server thread/INFO]: [Essentials] Selected 1.12+ Spawner Block Provider as the provider for SpawnerBlockProvider
[03:17:06] [Server thread/INFO]: [Essentials] No provider found for BiomeKeyProvider, but it is nullable
[03:17:06] [Server thread/INFO]: [Essentials] No provider found for ContainerProvider, but it is nullable
[03:17:06] [Server thread/INFO]: [Essentials] Selected 1.9-1.20.4 Potion Meta Provider as the provider for PotionMetaProvider
[03:17:06] [Server thread/INFO]: [Essentials] Selected 1.9-1.12.2 Spawn Egg Provider as the provider for SpawnEggProvider
[03:17:06] [Server thread/INFO]: [Essentials] Selected Legacy InventoryView Abstract Class ABI Provider as the provider for InventoryViewProvider
[03:17:06] [Server thread/INFO]: [Essentials] No provider found for SignDataProvider, but it is nullable
[03:17:06] [Server thread/INFO]: [Essentials] No provider found for SerializationProvider, but it is nullable
[03:17:06] [Server thread/INFO]: [Essentials] Loaded 853 items from items.csv.
[03:17:06] [Server thread/INFO]: [Essentials] Using locale en
[03:17:07] [Server thread/INFO]: [Essentials] ServerListPingEvent: Spigot iterator API
[03:17:07] [Server thread/INFO]: [Essentials] Starting Metrics. Opt-out using the global bStats config.
[03:17:07] [Server thread/INFO]: [Essentials] Using superperms-based permissions.
[03:17:07] [Server thread/INFO]: [VeinminerPlus] Enabling VeinminerPlus v2.0-RELEASE
[03:17:07] [Server thread/INFO]: [VeinminerPlus] Veinminer+ has been enabled!
[03:17:07] [Server thread/INFO]: Done (11.667s)! For help, type "help" or "?"
[03:17:07] [Server thread/INFO]: Timings Reset
[03:17:07] [Craft Scheduler Thread - 2/INFO]: [Essentials] Fetching version information...
[03:17:14] [Server thread/INFO]: Plugins (8): Essentials, InfernalMobs, Minepacks, MTVehicles, NightVision, QualityArmory, TreeCapitator, VeinminerPlus
[03:17:41] [User Authenticator #1/INFO]: UUID of player ALPHA_GUY is 71833556-34d6-3645-a2a4-ad2f788a0faa
[03:17:41] [Server thread/INFO]: ALPHA_GUY[/127.0.0.1:34542] logged in with entity id 60 at ([world]-13.5, 72.0, -108.5)
[03:18:23] [Server thread/INFO]: Opped ALPHA_GUY
[03:18:32] [Server thread/INFO]: ALPHA_GUY lost connection: Disconnected
[03:18:32] [Server thread/INFO]: ALPHA_GUY left the game
